// Jest Snapshot v1, https://goo.gl/fbAQLP

exports[`Router snapshots App 1`] = `
<div>
  <div>
    <a
      href="/"
    >
      Home
    </a>
    <a
      href="/signup"
    >
      Sign Up
    </a>
    <a
      href="/signin"
    >
      Sign In
    </a>
  </div>
  <div>
    <div>
      go to sign up
    </div>
  </div>
</div>
`;
